usage: DETR training and evaluation script [-h] [--run_name RUN_NAME]
                                           --dataset_config DATASET_CONFIG
                                           [--do_qa] [--predict_final]
                                           [--no_detection] [--split_qa_heads]
                                           [--combine_datasets COMBINE_DATASETS [COMBINE_DATASETS ...]]
                                           [--combine_datasets_val COMBINE_DATASETS_VAL [COMBINE_DATASETS_VAL ...]]
                                           [--coco_path COCO_PATH]
                                           [--vg_img_path VG_IMG_PATH]
                                           [--vg_ann_path VG_ANN_PATH]
                                           [--clevr_img_path CLEVR_IMG_PATH]
                                           [--clevr_ann_path CLEVR_ANN_PATH]
                                           [--phrasecut_ann_path PHRASECUT_ANN_PATH]
                                           [--phrasecut_orig_ann_path PHRASECUT_ORIG_ANN_PATH]
                                           [--modulated_lvis_ann_path MODULATED_LVIS_ANN_PATH]
                                           [--refexp_ann_path REFEXP_ANN_PATH]
                                           [--refexp_dataset_name REFEXP_DATASET_NAME]
                                           [--flickr_ann_path FLICKR_ANN_PATH]
                                           [--gqa_ann_path GQA_ANN_PATH]
                                           [--lr LR]
                                           [--lr_backbone LR_BACKBONE]
                                           [--text_encoder_lr TEXT_ENCODER_LR]
                                           [--batch_size BATCH_SIZE]
                                           [--weight_decay WEIGHT_DECAY]
                                           [--epochs EPOCHS]
                                           [--lr_drop LR_DROP]
                                           [--epoch_chunks EPOCH_CHUNKS]
                                           [--optimizer OPTIMIZER]
                                           [--clip_max_norm CLIP_MAX_NORM]
                                           [--eval_skip EVAL_SKIP]
                                           [--schedule {step,multistep,linear_with_warmup,all_linear_with_warmup}]
                                           [--ema] [--ema_decay EMA_DECAY]
                                           [--fraction_warmup_steps FRACTION_WARMUP_STEPS]
                                           [--frozen_weights FROZEN_WEIGHTS]
                                           [--freeze_text_encoder]
                                           [--text_encoder_type {roberta-base,distilroberta-base,roberta-large}]
                                           [--backbone BACKBONE]
                                           [--pretrained_backbone_path PRETRAINED_BACKBONE_PATH]
                                           [--dilation]
                                           [--position_embedding {sine,learned}]
                                           [--pos_learnable_temperature]
                                           [--pos_learnable_scale]
                                           [--pos_multi_freq]
                                           [--pos_use_relative]
                                           [--pos_use_hybrid]
                                           [--pos_hybrid_ratio POS_HYBRID_RATIO]
                                           [--pos_max_relative POS_MAX_RELATIVE]
                                           [--enc_layers ENC_LAYERS]
                                           [--dec_layers DEC_LAYERS]
                                           [--dim_feedforward DIM_FEEDFORWARD]
                                           [--hidden_dim HIDDEN_DIM]
                                           [--dropout DROPOUT]
                                           [--nheads NHEADS]
                                           [--num_queries NUM_QUERIES]
                                           [--pre_norm]
                                           [--no_pass_pos_and_query]
                                           [--mask_model {none,smallconv,v2}]
                                           [--remove_difficult] [--masks]
                                           [--no_aux_loss]
                                           [--set_loss {sequential,hungarian,lexicographical}]
                                           [--contrastive_loss]
                                           [--no_contrastive_align_loss]
                                           [--contrastive_loss_hdim CONTRASTIVE_LOSS_HDIM]
                                           [--temperature_NCE TEMPERATURE_NCE]
                                           [--set_cost_class SET_COST_CLASS]
                                           [--set_cost_bbox SET_COST_BBOX]
                                           [--set_cost_giou SET_COST_GIOU]
                                           [--ce_loss_coef CE_LOSS_COEF]
                                           [--mask_loss_coef MASK_LOSS_COEF]
                                           [--dice_loss_coef DICE_LOSS_COEF]
                                           [--bbox_loss_coef BBOX_LOSS_COEF]
                                           [--giou_loss_coef GIOU_LOSS_COEF]
                                           [--qa_loss_coef QA_LOSS_COEF]
                                           [--eos_coef EOS_COEF]
                                           [--contrastive_loss_coef CONTRASTIVE_LOSS_COEF]
                                           [--contrastive_align_loss_coef CONTRASTIVE_ALIGN_LOSS_COEF]
                                           [--test]
                                           [--test_type {testA,testB,test}]
                                           [--output-dir OUTPUT_DIR]
                                           [--device DEVICE] [--seed SEED]
                                           [--resume RESUME] [--load LOAD]
                                           [--start-epoch N] [--eval]
                                           [--num_workers NUM_WORKERS]
                                           [--world-size WORLD_SIZE]
                                           [--dist-url DIST_URL]
DETR training and evaluation script: error: argument --contrastive_align_loss_coef: expected one argument
